// Jest Snapshot v1, https://goo.gl/fbAQLP

exports[`components > custom > elements > Button Check snapshot 1`] = `
<react-native-mock>
  <react-native-mock>
    Button
  </react-native-mock>
</react-native-mock>
`;
