// Jest Snapshot v1, https://goo.gl/fbAQLP

exports[`components > custom > elements > touchableDebounce Check snapshot 1`] = `<react-native-mock />`;
