// Jest Snapshot v1, https://goo.gl/fbAQLP

exports[`components > custom > layoutManager > ProductGroupOverview Check snapshot 1`] = `
<react-native-mock>
  <react-native-mock>
    <react-native-mock>
      <react-native-mock />
      <react-native-mock />
    </react-native-mock>
  </react-native-mock>
</react-native-mock>
`;
