// Jest Snapshot v1, https://goo.gl/fbAQLP

exports[`components > custom > layoutManager > HorizontalRule Check snapshot 1`] = `<react-native-mock />`;
