// Jest Snapshot v1, https://goo.gl/fbAQLP

exports[`components > custom > layoutManager > HeadlineText Check snapshot 1`] = `
<react-native-mock>
  <react-native-mock>
    <react-native-mock>
      <react-native-mock>
        <react-native-mock>
          <react-native-mock>
            <react-native-mock>
              <react-native-mock>
                <react-native-mock>
                  HEADLINE
                </react-native-mock>
              </react-native-mock>
            </react-native-mock>
          </react-native-mock>
        </react-native-mock>
        <react-native-mock />
      </react-native-mock>
      <react-native-mock>
        <react-native-mock>
          <react-native-mock>
            <react-native-mock>
              <react-native-mock>
                <react-native-mock>
                  <react-native-mock>
                    <react-native-mock>
                      Lorem ipsum dolor sit amet
                    </react-native-mock>
                  </react-native-mock>
                </react-native-mock>
                <react-native-mock>
                  <react-native-mock>
                    , consetetur sadipscing elitr, 
                  </react-native-mock>
                </react-native-mock>
                <react-native-mock>
                  <react-native-mock>
                     sed diam nonumy eirmod tempor invidunt ut labore et dolore magna aliquyam erat, sed diam voluptua. At vero eos et accusam et justo duo dolores et ea rebum. Stet clita kasd
                  </react-native-mock>
                </react-native-mock>
                <react-native-mock>
                  <react-native-mock>
                     gubergren, no sea takimata sanctus est Lorem ipsum dolor sit amet. Lorem ipsum dolor sit amet, consetetur sadipscing elitr, sed diam nonumy eirmod tempor invidunt ut labore et dolore magna aliquyam erat, sed diam voluptua. At vero eos et accusam et justo duo dolores et ea rebum. Stet clita kasd gubergren, 
                  </react-native-mock>
                </react-native-mock>
                <react-native-mock>
                  <react-native-mock>
                    <react-native-mock>
                      no sea takimata sanctus
                    </react-native-mock>
                  </react-native-mock>
                </react-native-mock>
                <react-native-mock>
                  <react-native-mock>
                     est Lorem ipsum dolor sit amet.
                  </react-native-mock>
                </react-native-mock>
              </react-native-mock>
            </react-native-mock>
          </react-native-mock>
        </react-native-mock>
      </react-native-mock>
    </react-native-mock>
  </react-native-mock>
</react-native-mock>
`;
