// Jest Snapshot v1, https://goo.gl/fbAQLP

exports[`components > custom > elements > textDebounce Check snapshot 1`] = `<react-native-mock />`;
