// Jest Snapshot v1, https://goo.gl/fbAQLP

exports[`components > custom > elements > FontIcon Check snapshot 1`] = `
<react-native-mock>
  <react-native-mock>
    ï‰—
  </react-native-mock>
</react-native-mock>
`;
