// Jest Snapshot v1, https://goo.gl/fbAQLP

exports[`components > custom > elements > SectionSubHeader Check snapshot 1`] = `
<react-native-mock>
  <react-native-mock>
    Heading
  </react-native-mock>
</react-native-mock>
`;
