// Jest Snapshot v1, https://goo.gl/fbAQLP

exports[`components > custom > elements > EmptyList Check snapshot 1`] = `
<react-native-mock>
  <react-native-mock>
    No data available
  </react-native-mock>
</react-native-mock>
`;
