// Jest Snapshot v1, https://goo.gl/fbAQLP

exports[`components > custom > layoutManager > ProductGroupList Check snapshot 1`] = `
<react-native-mock>
  <react-native-mock>
    <react-native-mock />
  </react-native-mock>
</react-native-mock>
`;
